------------------------------------------------------------
Timing Analyzer Summary
------------------------------------------------------------

Type  : Slow 1100mV 85C Model Setup 'processador:processador|fetch:fetch|registradorGenerico:registerPC|DOUT[0]'
Slack : -11.411
TNS   : -449.825

Type  : Slow 1100mV 85C Model Setup 'CLOCK_50'
Slack : -10.786
TNS   : -762.415

Type  : Slow 1100mV 85C Model Hold 'CLOCK_50'
Slack : -1.443
TNS   : -12.064

Type  : Slow 1100mV 85C Model Hold 'processador:processador|fetch:fetch|registradorGenerico:registerPC|DOUT[0]'
Slack : 1.510
TNS   : 0.000

Type  : Slow 1100mV 85C Model Recovery 'SW[8]'
Slack : -8.525
TNS   : -8.525

Type  : Slow 1100mV 85C Model Removal 'SW[8]'
Slack : 0.051
TNS   : 0.000

Type  : Slow 1100mV 85C Model Minimum Pulse Width 'processador:processador|fetch:fetch|registradorGenerico:registerPC|DOUT[0]'
Slack : -2.098
TNS   : -482.428

Type  : Slow 1100mV 85C Model Minimum Pulse Width 'SW[8]'
Slack : -0.634
TNS   : -1.186

Type  : Slow 1100mV 85C Model Minimum Pulse Width 'CLOCK_50'
Slack : -0.538
TNS   : -85.690

Type  : Slow 1100mV 0C Model Setup 'processador:processador|fetch:fetch|registradorGenerico:registerPC|DOUT[0]'
Slack : -11.511
TNS   : -454.526

Type  : Slow 1100mV 0C Model Setup 'CLOCK_50'
Slack : -10.662
TNS   : -755.018

Type  : Slow 1100mV 0C Model Hold 'CLOCK_50'
Slack : -1.567
TNS   : -17.676

Type  : Slow 1100mV 0C Model Hold 'processador:processador|fetch:fetch|registradorGenerico:registerPC|DOUT[0]'
Slack : 1.256
TNS   : 0.000

Type  : Slow 1100mV 0C Model Recovery 'SW[8]'
Slack : -8.467
TNS   : -8.467

Type  : Slow 1100mV 0C Model Removal 'SW[8]'
Slack : -0.003
TNS   : -0.003

Type  : Slow 1100mV 0C Model Minimum Pulse Width 'processador:processador|fetch:fetch|registradorGenerico:registerPC|DOUT[0]'
Slack : -2.234
TNS   : -516.444

Type  : Slow 1100mV 0C Model Minimum Pulse Width 'SW[8]'
Slack : -0.615
TNS   : -1.171

Type  : Slow 1100mV 0C Model Minimum Pulse Width 'CLOCK_50'
Slack : -0.538
TNS   : -75.752

Type  : Fast 1100mV 85C Model Setup 'processador:processador|fetch:fetch|registradorGenerico:registerPC|DOUT[0]'
Slack : -5.859
TNS   : -227.340

Type  : Fast 1100mV 85C Model Setup 'CLOCK_50'
Slack : -5.048
TNS   : -347.916

Type  : Fast 1100mV 85C Model Hold 'CLOCK_50'
Slack : -0.728
TNS   : -9.360

Type  : Fast 1100mV 85C Model Hold 'processador:processador|fetch:fetch|registradorGenerico:registerPC|DOUT[0]'
Slack : 0.615
TNS   : 0.000

Type  : Fast 1100mV 85C Model Recovery 'SW[8]'
Slack : -4.354
TNS   : -4.354

Type  : Fast 1100mV 85C Model Removal 'SW[8]'
Slack : 0.166
TNS   : 0.000

Type  : Fast 1100mV 85C Model Minimum Pulse Width 'processador:processador|fetch:fetch|registradorGenerico:registerPC|DOUT[0]'
Slack : -0.715
TNS   : -112.845

Type  : Fast 1100mV 85C Model Minimum Pulse Width 'SW[8]'
Slack : -0.661
TNS   : -1.809

Type  : Fast 1100mV 85C Model Minimum Pulse Width 'CLOCK_50'
Slack : -0.408
TNS   : -44.589

Type  : Fast 1100mV 0C Model Setup 'processador:processador|fetch:fetch|registradorGenerico:registerPC|DOUT[0]'
Slack : -5.325
TNS   : -206.265

Type  : Fast 1100mV 0C Model Setup 'CLOCK_50'
Slack : -4.458
TNS   : -305.883

Type  : Fast 1100mV 0C Model Hold 'CLOCK_50'
Slack : -0.766
TNS   : -13.312

Type  : Fast 1100mV 0C Model Hold 'processador:processador|fetch:fetch|registradorGenerico:registerPC|DOUT[0]'
Slack : 0.603
TNS   : 0.000

Type  : Fast 1100mV 0C Model Recovery 'SW[8]'
Slack : -3.862
TNS   : -3.862

Type  : Fast 1100mV 0C Model Removal 'SW[8]'
Slack : 0.058
TNS   : 0.000

Type  : Fast 1100mV 0C Model Minimum Pulse Width 'SW[8]'
Slack : -0.675
TNS   : -1.933

Type  : Fast 1100mV 0C Model Minimum Pulse Width 'processador:processador|fetch:fetch|registradorGenerico:registerPC|DOUT[0]'
Slack : -0.627
TNS   : -93.921

Type  : Fast 1100mV 0C Model Minimum Pulse Width 'CLOCK_50'
Slack : -0.446
TNS   : -53.257

------------------------------------------------------------
