------------------------------------------------------------
Timing Analyzer Summary
------------------------------------------------------------

Type  : Slow 1100mV 85C Model Setup 'CLOCK_50'
Slack : -8.282
TNS   : -3547.690

Type  : Slow 1100mV 85C Model Hold 'CLOCK_50'
Slack : 0.807
TNS   : 0.000

Type  : Slow 1100mV 85C Model Minimum Pulse Width 'CLOCK_50'
Slack : -0.538
TNS   : -473.125

Type  : Slow 1100mV 0C Model Setup 'CLOCK_50'
Slack : -8.394
TNS   : -3502.301

Type  : Slow 1100mV 0C Model Hold 'CLOCK_50'
Slack : 0.770
TNS   : 0.000

Type  : Slow 1100mV 0C Model Minimum Pulse Width 'CLOCK_50'
Slack : -0.538
TNS   : -478.771

Type  : Fast 1100mV 85C Model Setup 'CLOCK_50'
Slack : -3.900
TNS   : -1541.228

Type  : Fast 1100mV 85C Model Hold 'CLOCK_50'
Slack : 0.300
TNS   : 0.000

Type  : Fast 1100mV 85C Model Minimum Pulse Width 'CLOCK_50'
Slack : -0.095
TNS   : -52.535

Type  : Fast 1100mV 0C Model Setup 'CLOCK_50'
Slack : -3.440
TNS   : -1337.445

Type  : Fast 1100mV 0C Model Hold 'CLOCK_50'
Slack : 0.293
TNS   : 0.000

Type  : Fast 1100mV 0C Model Minimum Pulse Width 'CLOCK_50'
Slack : -0.094
TNS   : -53.779

------------------------------------------------------------
